day:1017:54:45 - WARNING - log.py:8 - this is warning
